[{"id":1,"top_level_namespace_id":1,"repository_id":1,"manifest_id":2,"created_at":"2020-04-15T12:04:28.95584","updated_at":null,"name":"7b914abeaf58abb61d478ec74e8ddc0d32a0e4bfe61358620f76528f26f85e03"}]