[{"id":1,"top_level_namespace_id":1,"repository_id":1,"manifest_id":1,"digest":"\\x0146a53c520fd7e870b5980de79d5d3b92d6501e4095b053ad59afde7b0a6bfc8a"}]