[{"size":2044,"created_at":"2020-04-15T12:04:28.95584","media_type_id":8,"digest":"\\x01d501b03d86b41c78a54fd79b8b184631f3094c82c686ce3b69a0103f1e335197"}, 
 {"size":164,"created_at":"2020-04-15T12:04:28.95584","media_type_id":6,"digest":"\\x01189d3ff46c7870d6fb194cbf5581145302a33305446aa65989072ce1c753a36e"}, 
 {"size":162,"created_at":"2020-04-15T12:04:28.95584","media_type_id":6,"digest":"\\x010fe9c8bfd649945d25a2744cfd6e59aa4af191f55c4282a202afc880ec130155"}, 
 {"size":164,"created_at":"2020-04-15T12:04:28.95584","media_type_id":6,"digest":"\\x01ca11fc3041d580ea5eaeb17396c8c806670b4e26b5d0bca88bf337fc836f9a33"}, 
 {"size":192,"created_at":"2020-04-15T12:04:28.95584","media_type_id":6,"digest":"\\x018fc4b4a7d078aa4e5764f60fd80ab1d0000fb88560909622862f57833cd3e504"}]