[{"review_after":"2020-04-16T12:04:28.95584","review_count":0,"digest":"\\x01d501b03d86b41c78a54fd79b8b184631f3094c82c686ce3b69a0103f1e335197","created_at":"2020-04-15T12:04:28.95584","event":"blob_upload"}, 
 {"review_after":"2020-04-16T12:04:28.95584","review_count":0,"digest":"\\x01c9b1b535fdd91a9855fb7f82348177e5f019329a58c53c47272962dd60f71fc9","created_at":"2020-04-15T12:04:28.95584","event":"blob_upload"}, 
 {"review_after":"2020-04-16T12:04:28.95584","review_count":0,"digest":"\\x018fc4b4a7d078aa4e5764f60fd80ab1d0000fb88560909622862f57833cd3e504","created_at":"2020-04-15T12:04:28.95584","event":"blob_upload"}, 
 {"review_after":"2020-04-16T12:04:28.95584","review_count":0,"digest":"\\x010fe9c8bfd649945d25a2744cfd6e59aa4af191f55c4282a202afc880ec130155","created_at":"2020-04-15T12:04:28.95584","event":"blob_upload"}, 
 {"review_after":"2020-04-16T12:04:28.95584","review_count":0,"digest":"\\x01ca11fc3041d580ea5eaeb17396c8c806670b4e26b5d0bca88bf337fc836f9a33","created_at":"2020-04-15T12:04:28.95584","event":"blob_upload"}, 
 {"review_after":"2020-04-16T12:04:28.95584","review_count":0,"digest":"\\x01189d3ff46c7870d6fb194cbf5581145302a33305446aa65989072ce1c753a36e","created_at":"2020-04-15T12:04:28.95584","event":"blob_upload"}, 
 {"review_after":"2020-04-16T12:04:28.95584","review_count":0,"digest":"\\x01fade238920e4b7708c097768696f25a1ae1c55458ef3c547d979d0b0fec03940","created_at":"2020-04-15T12:04:28.95584","event":"blob_upload"}, 
 {"review_after":"2020-04-16T12:04:28.95584","review_count":0,"digest":"\\x01c22b5cc4704d517e05e9570a477393c47695ff1702e3c3490be13b0989c28d4a","created_at":"2020-04-15T12:04:28.95584","event":"blob_upload"}]