[{"id":5,"top_level_namespace_id":1,"repository_id":1,"layer_id":5,"digest":"\\x01189d3ff46c7870d6fb194cbf5581145302a33305446aa65989072ce1c753a36e"}, 
 {"id":7,"top_level_namespace_id":1,"repository_id":1,"layer_id":7,"digest":"\\x01c22b5cc4704d517e05e9570a477393c47695ff1702e3c3490be13b0989c28d4a"}, 
 {"id":1,"top_level_namespace_id":1,"repository_id":1,"layer_id":1,"digest":"\\x01c9b1b535fdd91a9855fb7f82348177e5f019329a58c53c47272962dd60f71fc9"}, 
 {"id":3,"top_level_namespace_id":1,"repository_id":1,"layer_id":3,"digest":"\\x010fe9c8bfd649945d25a2744cfd6e59aa4af191f55c4282a202afc880ec130155"}, 
 {"id":4,"top_level_namespace_id":1,"repository_id":1,"layer_id":4,"digest":"\\x01ca11fc3041d580ea5eaeb17396c8c806670b4e26b5d0bca88bf337fc836f9a33"}, 
 {"id":2,"top_level_namespace_id":1,"repository_id":1,"layer_id":2,"digest":"\\x018fc4b4a7d078aa4e5764f60fd80ab1d0000fb88560909622862f57833cd3e504"}, 
 {"id":6,"top_level_namespace_id":1,"repository_id":1,"layer_id":6,"digest":"\\x01fade238920e4b7708c097768696f25a1ae1c55458ef3c547d979d0b0fec03940"}]