[{"created_at":"2020-04-15T12:04:28.95584","digest":"\\x01469f7eaf07f50bdcc3750277aa26d1753d5cba04665618b68ed33fe29f5d5e09"}]