[{"id":1,"top_level_namespace_id":1,"repository_id":1,"layer_id":1,"digest":"\\x01e2334dd9fee4b77e48a8f2d793904118a3acf26f1f2e72a3d79c6cae993e07f0"}]