[{"id":1,"top_level_namespace_id":1,"parent_id":null,"created_at":"2020-04-15T12:04:28.95584","updated_at":null,"name":"a-simple","path":"a-simple","migration_status":"native"}, 
 {"id":2,"top_level_namespace_id":2,"parent_id":null,"created_at":"2020-04-15T12:04:28.95584","updated_at":null,"name":"b-nested","path":"b-nested","migration_status":"native"}, 
 {"id":3,"top_level_namespace_id":2,"parent_id":null,"created_at":"2020-04-15T12:04:28.95584","updated_at":null,"name":"older","path":"b-nested/older","migration_status":"native"}, 
 {"id":4,"top_level_namespace_id":2,"parent_id":null,"created_at":"2020-04-15T12:04:28.95584","updated_at":null,"name":"older","path":"b-nested/older/older","migration_status":"native"}, 
 {"id":5,"top_level_namespace_id":3,"parent_id":null,"created_at":"2020-04-15T12:04:28.95584","updated_at":null,"name":"c-manifest-list","path":"c-manifest-list","migration_status":"native"}, 
 {"id":6,"top_level_namespace_id":4,"parent_id":null,"created_at":"2020-04-15T12:04:28.95584","updated_at":null,"name":"d-schema1","path":"d-schema1","migration_status":"native"}, 
 {"id":7,"top_level_namespace_id":5,"parent_id":null,"created_at":"2020-04-15T12:04:28.95584","updated_at":null,"name":"e-helm","path":"e-helm","migration_status":"native"}, 
 {"id":8,"top_level_namespace_id":6,"parent_id":null,"created_at":"2020-04-15T12:04:28.95584","updated_at":null,"name":"f-dangling-manifests","path":"f-dangling-manifests","migration_status":"native"}]