[{"id":1,"repository_id":1,"blob_id":1,"created_at":"2020-04-15T12:04:28.95584"}, 
 {"id":2,"repository_id":1,"blob_id":2,"created_at":"2020-04-15T12:04:28.95584"}, 
 {"id":3,"repository_id":2,"blob_id":3,"created_at":"2020-04-15T12:04:28.95584"}, 
 {"id":4,"repository_id":2,"blob_id":4,"created_at":"2020-04-15T12:04:28.95584"}, 
 {"id":5,"repository_id":2,"blob_id":5,"created_at":"2020-04-15T12:04:28.95584"}, 
 {"id":6,"repository_id":2,"blob_id":6,"created_at":"2020-04-15T12:04:28.95584"}, 
 {"id":7,"repository_id":2,"blob_id":7,"created_at":"2020-04-15T12:04:28.95584"}, 
 {"id":8,"repository_id":2,"blob_id":8,"created_at":"2020-04-15T12:04:28.95584"}, 
 {"id":9,"repository_id":2,"blob_id":9,"created_at":"2020-04-15T12:04:28.95584"}, 
 {"id":10,"repository_id":4,"blob_id":10,"created_at":"2020-04-15T12:04:28.95584"}, 
 {"id":11,"repository_id":4,"blob_id":4,"created_at":"2020-04-15T12:04:28.95584"}, 
 {"id":12,"repository_id":4,"blob_id":5,"created_at":"2020-04-15T12:04:28.95584"}, 
 {"id":13,"repository_id":4,"blob_id":6,"created_at":"2020-04-15T12:04:28.95584"}, 
 {"id":14,"repository_id":4,"blob_id":11,"created_at":"2020-04-15T12:04:28.95584"}, 
 {"id":15,"repository_id":4,"blob_id":12,"created_at":"2020-04-15T12:04:28.95584"}, 
 {"id":16,"repository_id":4,"blob_id":13,"created_at":"2020-04-15T12:04:28.95584"}, 
 {"id":17,"repository_id":4,"blob_id":14,"created_at":"2020-04-15T12:04:28.95584"}, 
 {"id":18,"repository_id":4,"blob_id":15,"created_at":"2020-04-15T12:04:28.95584"}, 
 {"id":19,"repository_id":4,"blob_id":16,"created_at":"2020-04-15T12:04:28.95584"}, 
 {"id":20,"repository_id":4,"blob_id":17,"created_at":"2020-04-15T12:04:28.95584"}, 
 {"id":21,"repository_id":4,"blob_id":18,"created_at":"2020-04-15T12:04:28.95584"}, 
 {"id":22,"repository_id":4,"blob_id":19,"created_at":"2020-04-15T12:04:28.95584"}, 
 {"id":23,"repository_id":4,"blob_id":20,"created_at":"2020-04-15T12:04:28.95584"}, 
 {"id":24,"repository_id":7,"blob_id":21,"created_at":"2020-04-15T12:04:28.95584"}, 
 {"id":25,"repository_id":7,"blob_id":22,"created_at":"2020-04-15T12:04:28.95584"}, 
 {"id":26,"repository_id":7,"blob_id":23,"created_at":"2020-04-15T12:04:28.95584"}, 
 {"id":27,"repository_id":7,"blob_id":24,"created_at":"2020-04-15T12:04:28.95584"}, 
 {"id":28,"repository_id":7,"blob_id":25,"created_at":"2020-04-15T12:04:28.95584"}, 
 {"id":29,"repository_id":7,"blob_id":26,"created_at":"2020-04-15T12:04:28.95584"}, 
 {"id":30,"repository_id":7,"blob_id":27,"created_at":"2020-04-15T12:04:28.95584"}, 
 {"id":31,"repository_id":8,"blob_id":28,"created_at":"2020-04-15T12:04:28.95584"}, 
 {"id":32,"repository_id":8,"blob_id":29,"created_at":"2020-04-15T12:04:28.95584"}, 
 {"id":33,"repository_id":8,"blob_id":30,"created_at":"2020-04-15T12:04:28.95584"}, 
 {"id":34,"repository_id":8,"blob_id":4,"created_at":"2020-04-15T12:04:28.95584"}, 
 {"id":39,"repository_id":9,"blob_id":31,"created_at":"2020-04-15T12:04:28.95584"}, 
 {"id":40,"repository_id":9,"blob_id":2,"created_at":"2020-04-15T12:04:28.95584"}, 
 {"id":41,"repository_id":10,"blob_id":32,"created_at":"2020-04-15T12:04:28.95584"}, 
 {"id":42,"repository_id":10,"blob_id":33,"created_at":"2020-04-15T12:04:28.95584"}, 
 {"id":43,"repository_id":11,"blob_id":34,"created_at":"2020-04-15T12:04:28.95584"}, 
 {"id":44,"repository_id":11,"blob_id":35,"created_at":"2020-04-15T12:04:28.95584"}, 
 {"id":45,"repository_id":11,"blob_id":36,"created_at":"2020-04-15T12:04:28.95584"}, 
 {"id":46,"repository_id":11,"blob_id":37,"created_at":"2020-04-15T12:04:28.95584"}, 
 {"id":47,"repository_id":11,"blob_id":38,"created_at":"2020-04-15T12:04:28.95584"}, 
 {"id":48,"repository_id":11,"blob_id":39,"created_at":"2020-04-15T12:04:28.95584"}, 
 {"id":50,"repository_id":11,"blob_id":40,"created_at":"2020-04-15T12:04:28.95584"}, 
 {"id":51,"repository_id":11,"blob_id":41,"created_at":"2020-04-15T12:04:28.95584"}, 
 {"id":52,"repository_id":11,"blob_id":42,"created_at":"2020-04-15T12:04:28.95584"}, 
 {"id":53,"repository_id":11,"blob_id":43,"created_at":"2020-04-15T12:04:28.95584"}, 
 {"id":55,"repository_id":11,"blob_id":44,"created_at":"2020-04-15T12:04:28.95584"}, 
 {"id":56,"repository_id":11,"blob_id":45,"created_at":"2020-04-15T12:04:28.95584"}, 
 {"id":57,"repository_id":11,"blob_id":46,"created_at":"2020-04-15T12:04:28.95584"}]