[{"review_after":"2020-04-16T12:04:28.95584","review_count":0,"digest":"\\x013d14ebaae2d1dc4f2a86598f1c76055ec7f41afa5ba8c3a36eb758eb3acc6414","created_at":"2020-04-15T12:04:28.95584","event":"blob_upload"}, 
 {"review_after":"2020-04-16T12:04:28.95584","review_count":0,"digest":"\\x015e3f1608d6cfaacfeaf2ec83887ab544d3a3a05374c612688bf6e898cab1fbb3","created_at":"2020-04-15T12:04:28.95584","event":"blob_upload"}, 
 {"review_after":"2020-04-16T12:04:28.95584","review_count":0,"digest":"\\x016205e6b1238c554811d6a047b3d241ec5e1c1bc6daa95081190ee9f5d6ca5de2","created_at":"2020-04-15T12:04:28.95584","event":"blob_upload"}, 
 {"review_after":"2020-04-16T12:04:28.95584","review_count":0,"digest":"\\x0190bbc850fb19bcbd485452224dbb87f76aab6ae7b89c89fe34cee6296b5403ef","created_at":"2020-04-15T12:04:28.95584","event":"blob_upload"}, 
 {"review_after":"2020-04-16T12:04:28.95584","review_count":0,"digest":"\\x01c9b1b535fdd91a9855fb7f82348177e5f019329a58c53c47272962dd60f71fc9","created_at":"2020-04-15T12:04:28.95584","event":"blob_upload"}, 
 {"review_after":"2020-04-16T12:04:28.95584","review_count":0,"digest":"\\x01d49fdafadcbf18d934fe86cfc376531d0cb6358da710a8d5c0096b784cba5ca3","created_at":"2020-04-15T12:04:28.95584","event":"blob_upload"}]