[{"size":2427917,"created_at":"2020-04-15T12:04:28.95584","media_type_id":12,"digest":"\\x01136482bf81d1fa351b424ebb8c7e34d15f2c5ed3fc0b66b544b8312bda3d52d9"}, 
 {"size":1654,"created_at":"2020-04-15T12:04:28.95584","media_type_id":22,"digest":"\\x0146a53c520fd7e870b5980de79d5d3b92d6501e4095b053ad59afde7b0a6bfc8a"}, 
 {"size":2811478,"created_at":"2020-04-15T12:04:28.95584","media_type_id":12,"digest":"\\x015843afab387455b37944e709ee8c78d7520df80f8d01cf7f861aae63beeddb6b"}, 
 {"size":2709626,"created_at":"2020-04-15T12:04:28.95584","media_type_id":12,"digest":"\\x0158ab47519297212468320b23b8100fc1b2b96e8d342040806ae509a778a0a07a"}, 
 {"size":109,"created_at":"2020-04-15T12:04:28.95584","media_type_id":12,"digest":"\\x01de9fe7acb0a85a294b6a68ee2954a454e460cefe0cfff0c7ff3f5e03e8f393b0"}]