[{"created_at":"2020-04-15T12:04:28.95584","digest":"\\x015d42ad55895dbd1a4a57d306214c250668f70ba85045a8f432c3806362780621"}]