[{"id":1,"top_level_namespace_id":1,"repository_id":1,"created_at":"2020-04-15T12:04:28.95584","total_size":2806059,"schema_version":2,"digest":"01c41238e7ae9f3df2b5db2ca3547d2476b2ad3337d1765c81202c18919d5f631b","payload":{
   "schemaVersion": 2,
   "mediaType": "application/vnd.docker.distribution.manifest.v2+json",
   "config": {
      "mediaType": "application/vnd.docker.container.image.v1+json",
      "size": 1843,
      "digest": "sha256:90bbc850fb19bcbd485452224dbb87f76aab6ae7b89c89fe34cee6296b5403ef"
   },
   "layers": [
      {
         "mediaType": "application/vnd.docker.image.rootfs.diff.tar.gzip",
         "size": 2802957,
         "digest": "sha256:c9b1b535fdd91a9855fb7f82348177e5f019329a58c53c47272962dd60f71fc9"
      },
      {
         "mediaType": "application/vnd.docker.image.rootfs.diff.tar.gzip",
         "size": 150,
         "digest": "sha256:3d14ebaae2d1dc4f2a86598f1c76055ec7f41afa5ba8c3a36eb758eb3acc6414"
      },
      {
         "mediaType": "application/vnd.docker.image.rootfs.diff.tar.gzip",
         "size": 167,
         "digest": "sha256:6205e6b1238c554811d6a047b3d241ec5e1c1bc6daa95081190ee9f5d6ca5de2"
      }
   ]
},"media_type_id":3,"configuration_media_type_id":8,"configuration_payload":{"architecture":"amd64","config":{"Hostname":"","Domainname":"","User":"","AttachStdin":false,"AttachStdout":false,"AttachStderr":false,"Tty":false,"OpenStdin":false,"StdinOnce":false,"Env":["PATH=/usr/local/sbin:/usr/local/bin:/usr/sbin:/usr/bin:/sbin:/bin"],"Cmd":["/bin/sh"],"ArgsEscaped":true,"Image":"sha256:15d5e3e43829efdaaf44e2fac4825feef08e82000abb3bdee8463f3191d719b2","Volumes":null,"WorkingDir":"","Entrypoint":null,"OnBuild":null,"Labels":null},"container":"a33fcb579c88d02a119a15dbd39d6a2103875d3c5e261990c2e41eef6400a53f","container_config":{"Hostname":"","Domainname":"","User":"","AttachStdin":false,"AttachStdout":false,"AttachStderr":false,"Tty":false,"OpenStdin":false,"StdinOnce":false,"Env":["PATH=/usr/local/sbin:/usr/local/bin:/usr/sbin:/usr/bin:/sbin:/bin"],"Cmd":["/bin/sh","-c","date '+%s' \u003e /root/test/date-0.txt"],"Image":"sha256:15d5e3e43829efdaaf44e2fac4825feef08e82000abb3bdee8463f3191d719b2","Volumes":null,"WorkingDir":"","Entrypoint":null,"OnBuild":null,"Labels":null},"created":"2022-05-06T22:13:59.593673947Z","docker_version":"19.03.14","history":[{"created":"2020-01-18T01:19:37.02673981Z","created_by":"/bin/sh -c #(nop) ADD file:e69d441d729412d24675dcd33e04580885df99981cec43de8c9b24015313ff8e in / "},{"created":"2020-01-18T01:19:37.187497623Z","created_by":"/bin/sh -c #(nop)  CMD [\"/bin/sh\"]","empty_layer":true},{"created":"2022-05-06T22:13:58.831139931Z","created_by":"/bin/sh -c mkdir -p /root/test/"},{"created":"2022-05-06T22:13:59.593673947Z","created_by":"/bin/sh -c date '+%s' \u003e /root/test/date-0.txt"}],"os":"linux","rootfs":{"type":"layers","diff_ids":["sha256:5216338b40a7b96416b8b9858974bbe4acc3096ee60acbc4dfb1ee02aecceb10","sha256:ec270ef33bc0f7eda46e39f6e0d3d92de1e5716e617b066233cd4a4d23a43b5d","sha256:3e76deb19a943183265c5312262b680507dec43f16445e07c3f741cd06caad55"]}},"configuration_blob_digest":"0190bbc850fb19bcbd485452224dbb87f76aab6ae7b89c89fe34cee6296b5403ef","non_conformant":false,"non_distributable_layers":false}, 
 {"id":2,"top_level_namespace_id":1,"repository_id":1,"created_at":"2020-04-15T12:04:28.95584","total_size":2806056,"schema_version":2,"digest":"01e85aa15cbcee4c668042971c9a514bd882b06098d27629db4c5a0eef3b9ac6c8","payload":{
   "schemaVersion": 2,
   "mediaType": "application/vnd.docker.distribution.manifest.v2+json",
   "config": {
      "mediaType": "application/vnd.docker.container.image.v1+json",
      "size": 1843,
      "digest": "sha256:5e3f1608d6cfaacfeaf2ec83887ab544d3a3a05374c612688bf6e898cab1fbb3"
   },
   "layers": [
      {
         "mediaType": "application/vnd.docker.image.rootfs.diff.tar.gzip",
         "size": 2802957,
         "digest": "sha256:c9b1b535fdd91a9855fb7f82348177e5f019329a58c53c47272962dd60f71fc9"
      },
      {
         "mediaType": "application/vnd.docker.image.rootfs.diff.tar.gzip",
         "size": 149,
         "digest": "sha256:d49fdafadcbf18d934fe86cfc376531d0cb6358da710a8d5c0096b784cba5ca3"
      },
      {
         "mediaType": "application/vnd.docker.image.rootfs.diff.tar.gzip",
         "size": 165,
         "digest": "sha256:c3cce1b00b48329400b61ad073da43e8f838d8fcd134b86ac05c7b7a0452992c"
      }
   ]
},"media_type_id":3,"configuration_media_type_id":8,"configuration_payload":{"architecture":"amd64","config":{"Hostname":"","Domainname":"","User":"","AttachStdin":false,"AttachStdout":false,"AttachStderr":false,"Tty":false,"OpenStdin":false,"StdinOnce":false,"Env":["PATH=/usr/local/sbin:/usr/local/bin:/usr/sbin:/usr/bin:/sbin:/bin"],"Cmd":["/bin/sh"],"ArgsEscaped":true,"Image":"sha256:005bb5665ef599c35de9ee7d81f059fa964bea9dddd0c7db99cb58671a013d36","Volumes":null,"WorkingDir":"","Entrypoint":null,"OnBuild":null,"Labels":null},"container":"c0cc97e020a707d437c17d0849e844c9d1da11f04c9a3445c0782ebea6dd453f","container_config":{"Hostname":"","Domainname":"","User":"","AttachStdin":false,"AttachStdout":false,"AttachStderr":false,"Tty":false,"OpenStdin":false,"StdinOnce":false,"Env":["PATH=/usr/local/sbin:/usr/local/bin:/usr/sbin:/usr/bin:/sbin:/bin"],"Cmd":["/bin/sh","-c","date '+%s' \u003e /root/test/date-0.txt"],"Image":"sha256:005bb5665ef599c35de9ee7d81f059fa964bea9dddd0c7db99cb58671a013d36","Volumes":null,"WorkingDir":"","Entrypoint":null,"OnBuild":null,"Labels":null},"created":"2022-05-06T22:13:43.555058656Z","docker_version":"19.03.14","history":[{"created":"2020-01-18T01:19:37.02673981Z","created_by":"/bin/sh -c #(nop) ADD file:e69d441d729412d24675dcd33e04580885df99981cec43de8c9b24015313ff8e in / "},{"created":"2020-01-18T01:19:37.187497623Z","created_by":"/bin/sh -c #(nop)  CMD [\"/bin/sh\"]","empty_layer":true},{"created":"2022-05-06T22:13:42.826549269Z","created_by":"/bin/sh -c mkdir -p /root/test/"},{"created":"2022-05-06T22:13:43.555058656Z","created_by":"/bin/sh -c date '+%s' \u003e /root/test/date-0.txt"}],"os":"linux","rootfs":{"type":"layers","diff_ids":["sha256:5216338b40a7b96416b8b9858974bbe4acc3096ee60acbc4dfb1ee02aecceb10","sha256:b79e68ba5f167b8ac005b1a471b0f06bfb332cbc8197610ef06dc192f5dce4a5","sha256:3d12f15d818c79fb9d820a83eb32a274b00906be8164925c8b6c44e7761851cf"]}},"configuration_blob_digest":"015e3f1608d6cfaacfeaf2ec83887ab544d3a3a05374c612688bf6e898cab1fbb3","non_conformant":false,"non_distributable_layers":false}]