[{"size":2049,"created_at":"2020-04-15T12:04:28.95584","media_type_id":8,"digest":"\\x01f930f3dcdc486552c3a72efaa9c5d4fded1d7aa053461c298635db739b95ee0b"}, 
 {"size":2802957,"created_at":"2020-04-15T12:04:28.95584","media_type_id":6,"digest":"\\x01c9b1b535fdd91a9855fb7f82348177e5f019329a58c53c47272962dd60f71fc9"}, 
 {"size":149,"created_at":"2020-04-15T12:04:28.95584","media_type_id":6,"digest":"\\x01420480dcab63e5cf7b8a930d17003656866dffdffb0fe33429aa788bb979995c"}, 
 {"size":524672,"created_at":"2020-04-15T12:04:28.95584","media_type_id":6,"digest":"\\x0169d0ad1d19979e7725ef2f5d55e071d7c9d1afd6d5cabfd53cf2bddf1b2b29d3"}, 
 {"size":164,"created_at":"2020-04-15T12:04:28.95584","media_type_id":6,"digest":"\\x015652fb79cf3df0a9789660ec3faa8ada53238306a43322fa9cc7063e43cb152c"}]