[{"id":1,"repository_id":1,"manifest_id":1,"size":2802957,"created_at":"2020-04-15T12:04:28.95584","media_type_id":6,"digest":"\\x01c9b1b535fdd91a9855fb7f82348177e5f019329a58c53c47272962dd60f71fc9"}, 
 {"id":2,"repository_id":1,"manifest_id":1,"size":149,"created_at":"2020-04-15T12:04:28.95584","media_type_id":6,"digest":"\\x01420480dcab63e5cf7b8a930d17003656866dffdffb0fe33429aa788bb979995c"}, 
 {"id":3,"repository_id":1,"manifest_id":1,"size":524672,"created_at":"2020-04-15T12:04:28.95584","media_type_id":6,"digest":"\\x0169d0ad1d19979e7725ef2f5d55e071d7c9d1afd6d5cabfd53cf2bddf1b2b29d3"}, 
 {"id":4,"repository_id":1,"manifest_id":1,"size":164,"created_at":"2020-04-15T12:04:28.95584","media_type_id":6,"digest":"\\x015652fb79cf3df0a9789660ec3faa8ada53238306a43322fa9cc7063e43cb152c"}]