[{"id":1,"repository_id":2,"created_at":"2020-04-15T12:04:28.95584","schema_version":2,"digest":"01bc2764b83060f9c4e1f9ff15a5f1d77ad13b2c135f6a9c9ba8e9f6eec877fb48","payload":{
   "schemaVersion": 2,
   "mediaType": "application/vnd.docker.distribution.manifest.v2+json",
   "config": {
      "mediaType": "application/vnd.docker.container.image.v1+json",
      "size": 2049,
      "digest": "sha256:c713f119070ab80f382f8cb0673fcf4fe27674390db431550b4720e2d3af3b78"
   },
   "layers": [
      {
         "mediaType": "application/vnd.docker.image.rootfs.diff.tar.gzip",
         "size": 2802957,
         "digest": "sha256:c9b1b535fdd91a9855fb7f82348177e5f019329a58c53c47272962dd60f71fc9"
      },
      {
         "mediaType": "application/vnd.docker.image.rootfs.diff.tar.gzip",
         "size": 148,
         "digest": "sha256:07a38b49898c7b696e883ea023623480edcd9de891208a7490869a73332a40f6"
      },
      {
         "mediaType": "application/vnd.docker.image.rootfs.diff.tar.gzip",
         "size": 524670,
         "digest": "sha256:231202a4bc34a319a4ad73d541c4a33bee47745fc5cdddb88ed97e56bf254a86"
      },
      {
         "mediaType": "application/vnd.docker.image.rootfs.diff.tar.gzip",
         "size": 162,
         "digest": "sha256:c200ce683d81002b56304d94edd8d9f13d4cbe061f574100d7b238fa44eed3a4"
      }
   ]
},"media_type_id":3,"configuration_media_type_id":8,"configuration_payload":{"architecture":"amd64","config":{"Hostname":"","Domainname":"","User":"","AttachStdin":false,"AttachStdout":false,"AttachStderr":false,"Tty":false,"OpenStdin":false,"StdinOnce":false,"Env":["PATH=/usr/local/sbin:/usr/local/bin:/usr/sbin:/usr/bin:/sbin:/bin"],"Cmd":["/bin/sh"],"ArgsEscaped":true,"Image":"sha256:eeb2741c7802dfa247497d2ac033bc186d654f75ecb86959712abba50e0d59cd","Volumes":null,"WorkingDir":"","Entrypoint":null,"OnBuild":null,"Labels":null},"container":"fa3d996aca1a8b40dcdfbe0b881fa8f770118ccac510fa859befad44e9001803","container_config":{"Hostname":"","Domainname":"","User":"","AttachStdin":false,"AttachStdout":false,"AttachStderr":false,"Tty":false,"OpenStdin":false,"StdinOnce":false,"Env":["PATH=/usr/local/sbin:/usr/local/bin:/usr/sbin:/usr/bin:/sbin:/bin"],"Cmd":["/bin/sh","-c","date '+%s' \u003e /root/test/date.txt"],"Image":"sha256:eeb2741c7802dfa247497d2ac033bc186d654f75ecb86959712abba50e0d59cd","Volumes":null,"WorkingDir":"","Entrypoint":null,"OnBuild":null,"Labels":null},"created":"2020-12-02T21:01:46.003946275Z","docker_version":"19.03.14","history":[{"created":"2020-01-18T01:19:37.02673981Z","created_by":"/bin/sh -c #(nop) ADD file:e69d441d729412d24675dcd33e04580885df99981cec43de8c9b24015313ff8e in / "},{"created":"2020-01-18T01:19:37.187497623Z","created_by":"/bin/sh -c #(nop)  CMD [\"/bin/sh\"]","empty_layer":true},{"created":"2020-12-02T21:01:44.423330342Z","created_by":"/bin/sh -c mkdir -p /root/test/"},{"created":"2020-12-02T21:01:45.202815374Z","created_by":"/bin/sh -c head -c 524288 \u003c/dev/urandom \u003e /root/test/randfile.txt"},{"created":"2020-12-02T21:01:46.003946275Z","created_by":"/bin/sh -c date '+%s' \u003e /root/test/date.txt"}],"os":"linux","rootfs":{"type":"layers","diff_ids":["sha256:5216338b40a7b96416b8b9858974bbe4acc3096ee60acbc4dfb1ee02aecceb10","sha256:e6d360ace675234272df9e8a20e16a7c4abd5d63f749150b5a443ced8b7e7ebc","sha256:fc40d01b95d19478b67e615ad3d5f13ed8c2c842f8b8fbec7ac13fe17fc91e09","sha256:fd292d4f6e5e956d8a9cadf192a3dac33073dae2d62f2002804e1830f2146db2"]}},"configuration_blob_digest":"01c713f119070ab80f382f8cb0673fcf4fe27674390db431550b4720e2d3af3b78","non_conformant":false}]