[{"id":1,"top_level_namespace_id":1,"repository_id":1,"manifest_id":1,"digest":"\\x01be5888e67be651f1fbb59006f0fd791b44ed3fceaa6323ab4e37d5928874345a"}]