[{"review_after":"2020-04-16T12:04:28.95584","review_count":0,"digest":"\\x01396c31837116ac290458afcb928f68b6cc1c7bdd6963fc72f52f365a2a89c1b5","created_at":"2020-04-15T12:04:28.95584","event":"blob_upload"}, 
 {"review_after":"2020-04-16T12:04:28.95584","review_count":0,"digest":"\\x0159bf1c3509f33515622619af21ed55bbe26d24913cedbca106468a5fb37a50c3","created_at":"2020-04-15T12:04:28.95584","event":"blob_upload"}, 
 {"review_after":"2020-04-16T12:04:28.95584","review_count":0,"digest":"\\x01c059bfaa849c4d8e4aecaeb3a10c2d9b3d85f5165c66ad3a4d937758128c4d18","created_at":"2020-04-15T12:04:28.95584","event":"blob_upload"}, 
 {"review_after":"2020-04-16T12:04:28.95584","review_count":0,"digest":"\\x01e7b300aee9f9bf3433d32bc9305bfdd22183beb59d933b48d77ab56ba53a197a","created_at":"2020-04-15T12:04:28.95584","event":"blob_upload"}]