[{"size":1494,"created_at":"2020-04-15T12:04:28.95584","media_type_id":8,"digest":"\\x01be5888e67be651f1fbb59006f0fd791b44ed3fceaa6323ab4e37d5928874345a"}]