[{"id":1,"top_level_namespace_id":1,"repository_id":1,"manifest_id":1,"size":2798338,"created_at":"2020-04-15T12:04:28.95584","media_type_id":6,"digest":"\\x01396c31837116ac290458afcb928f68b6cc1c7bdd6963fc72f52f365a2a89c1b5"}, 
 {"id":2,"top_level_namespace_id":1,"repository_id":1,"manifest_id":2,"size":2818413,"created_at":"2020-04-15T12:04:28.95584","media_type_id":6,"digest":"\\x0159bf1c3509f33515622619af21ed55bbe26d24913cedbca106468a5fb37a50c3"}]