[{"id":1,"repository_id":1,"created_at":"2020-04-15T12:04:28.95584","schema_version":2,"digest":"01d6f886d01b04c5e1903a69a231aeb5b428a6506e402659e4bd8c71d1a0eb1880","payload":{
   "schemaVersion": 2,
   "mediaType": "application/vnd.docker.distribution.manifest.v2+json",
   "config": {
      "mediaType": "application/vnd.docker.container.image.v1+json",
      "size": 2049,
      "digest": "sha256:6f4117ed8635e6471c5ff36628deea3c2f0fccf48b49db065d6ba3553683ab68"
   },
   "layers": [
      {
         "mediaType": "application/vnd.docker.image.rootfs.diff.tar.gzip",
         "size": 2802957,
         "digest": "sha256:c9b1b535fdd91a9855fb7f82348177e5f019329a58c53c47272962dd60f71fc9"
      },
      {
         "mediaType": "application/vnd.docker.image.rootfs.diff.tar.gzip",
         "size": 150,
         "digest": "sha256:6c9cf366d2f626f0e9eb4e117a30af03db9ef1475c309812b4c910ff76c15a24"
      },
      {
         "mediaType": "application/vnd.docker.image.rootfs.diff.tar.gzip",
         "size": 524675,
         "digest": "sha256:fb094262eb9a11e4a671a12e804a8163f4940ddc5063df28a2286f64b60ab9c2"
      },
      {
         "mediaType": "application/vnd.docker.image.rootfs.diff.tar.gzip",
         "size": 164,
         "digest": "sha256:40b343b3cc61d0a2899217d67477cc4ac198828bf524b7df8a0ece57b61dbc3a"
      }
   ]
},"media_type_id":3,"configuration_media_type_id":8,"configuration_payload":{"architecture":"amd64","config":{"Hostname":"","Domainname":"","User":"","AttachStdin":false,"AttachStdout":false,"AttachStderr":false,"Tty":false,"OpenStdin":false,"StdinOnce":false,"Env":["PATH=/usr/local/sbin:/usr/local/bin:/usr/sbin:/usr/bin:/sbin:/bin"],"Cmd":["/bin/sh"],"ArgsEscaped":true,"Image":"sha256:a68e1e7e46ad1a786967fb1fa41f5a69dfc62fa95047f366087d3aa52b6401c8","Volumes":null,"WorkingDir":"","Entrypoint":null,"OnBuild":null,"Labels":null},"container":"f05091feb9f78c01522bf5027dc9c11b6073ebf212954669a0f895165cbb67aa","container_config":{"Hostname":"","Domainname":"","User":"","AttachStdin":false,"AttachStdout":false,"AttachStderr":false,"Tty":false,"OpenStdin":false,"StdinOnce":false,"Env":["PATH=/usr/local/sbin:/usr/local/bin:/usr/sbin:/usr/bin:/sbin:/bin"],"Cmd":["/bin/sh","-c","date '+%s' \u003e /root/test/date.txt"],"Image":"sha256:a68e1e7e46ad1a786967fb1fa41f5a69dfc62fa95047f366087d3aa52b6401c8","Volumes":null,"WorkingDir":"","Entrypoint":null,"OnBuild":null,"Labels":null},"created":"2020-12-08T20:37:20.027660817Z","docker_version":"19.03.14","history":[{"created":"2020-01-18T01:19:37.02673981Z","created_by":"/bin/sh -c #(nop) ADD file:e69d441d729412d24675dcd33e04580885df99981cec43de8c9b24015313ff8e in / "},{"created":"2020-01-18T01:19:37.187497623Z","created_by":"/bin/sh -c #(nop)  CMD [\"/bin/sh\"]","empty_layer":true},{"created":"2020-12-08T20:37:18.628727272Z","created_by":"/bin/sh -c mkdir -p /root/test/"},{"created":"2020-12-08T20:37:19.343529618Z","created_by":"/bin/sh -c head -c 524288 \u003c/dev/urandom \u003e /root/test/randfile.txt"},{"created":"2020-12-08T20:37:20.027660817Z","created_by":"/bin/sh -c date '+%s' \u003e /root/test/date.txt"}],"os":"linux","rootfs":{"type":"layers","diff_ids":["sha256:5216338b40a7b96416b8b9858974bbe4acc3096ee60acbc4dfb1ee02aecceb10","sha256:2f82e10b0151e08fbbac57d8ddd580bce427a4538260510cd4cb5c4f81af0730","sha256:83de2fb4de80ae28635ab9a12019c6c8eeabb540c8b2f18ae92a3c91fd069b5e","sha256:7158fc064cb5ff0f1acbda602b06d0b2d3ba27fad5c70e3ee81eaa51650b0a68"]}},"configuration_blob_digest":"016f4117ed8635e6471c5ff36628deea3c2f0fccf48b49db065d6ba3553683ab68"}, 
 {"id":2,"repository_id":2,"created_at":"2020-04-15T12:04:28.95584","schema_version":2,"digest":"011ce375ca3e57c1b8bb063983029481ef4c9c2353ae29cba937f247c32ad4a3ed","payload":{
   "schemaVersion": 2,
   "mediaType": "application/vnd.docker.distribution.manifest.v2+json",
   "config": {
      "mediaType": "application/vnd.docker.container.image.v1+json",
      "size": 2049,
      "digest": "sha256:5bf7e666f3bfafec8cff97aa016bb4a0dc0c28afe1ff9c7e2e378fe26fab4496"
   },
   "layers": [
      {
         "mediaType": "application/vnd.docker.image.rootfs.diff.tar.gzip",
         "size": 2802957,
         "digest": "sha256:c9b1b535fdd91a9855fb7f82348177e5f019329a58c53c47272962dd60f71fc9"
      },
      {
         "mediaType": "application/vnd.docker.image.rootfs.diff.tar.gzip",
         "size": 149,
         "digest": "sha256:981e5c9ba315938a17d40e31dedddce8504d3d94cd4b19e4f3affec4a84b1627"
      },
      {
         "mediaType": "application/vnd.docker.image.rootfs.diff.tar.gzip",
         "size": 524673,
         "digest": "sha256:eab74ca84b16bfde2ba4a6fb1ca55c8e72b56506bd9e9ae581983fc26a3737e4"
      },
      {
         "mediaType": "application/vnd.docker.image.rootfs.diff.tar.gzip",
         "size": 164,
         "digest": "sha256:d6298784fe0c508e90b65d63b5be2f99bace532da6f151959ac4903f017f48f4"
      }
   ]
},"media_type_id":3,"configuration_media_type_id":8,"configuration_payload":{"architecture":"amd64","config":{"Hostname":"","Domainname":"","User":"","AttachStdin":false,"AttachStdout":false,"AttachStderr":false,"Tty":false,"OpenStdin":false,"StdinOnce":false,"Env":["PATH=/usr/local/sbin:/usr/local/bin:/usr/sbin:/usr/bin:/sbin:/bin"],"Cmd":["/bin/sh"],"ArgsEscaped":true,"Image":"sha256:84be56f0ca28ab5227a93d710ab78d6858c3e76216e57ca8ac64478b4715cce4","Volumes":null,"WorkingDir":"","Entrypoint":null,"OnBuild":null,"Labels":null},"container":"8b09d0756cc6fde44bdb10e93fe6fd324bda56d96cd772af40d40c27c40c5834","container_config":{"Hostname":"","Domainname":"","User":"","AttachStdin":false,"AttachStdout":false,"AttachStderr":false,"Tty":false,"OpenStdin":false,"StdinOnce":false,"Env":["PATH=/usr/local/sbin:/usr/local/bin:/usr/sbin:/usr/bin:/sbin:/bin"],"Cmd":["/bin/sh","-c","date '+%s' \u003e /root/test/date.txt"],"Image":"sha256:84be56f0ca28ab5227a93d710ab78d6858c3e76216e57ca8ac64478b4715cce4","Volumes":null,"WorkingDir":"","Entrypoint":null,"OnBuild":null,"Labels":null},"created":"2020-12-08T20:37:27.769454196Z","docker_version":"19.03.14","history":[{"created":"2020-01-18T01:19:37.02673981Z","created_by":"/bin/sh -c #(nop) ADD file:e69d441d729412d24675dcd33e04580885df99981cec43de8c9b24015313ff8e in / "},{"created":"2020-01-18T01:19:37.187497623Z","created_by":"/bin/sh -c #(nop)  CMD [\"/bin/sh\"]","empty_layer":true},{"created":"2020-12-08T20:37:26.194585284Z","created_by":"/bin/sh -c mkdir -p /root/test/"},{"created":"2020-12-08T20:37:26.924204284Z","created_by":"/bin/sh -c head -c 524288 \u003c/dev/urandom \u003e /root/test/randfile.txt"},{"created":"2020-12-08T20:37:27.769454196Z","created_by":"/bin/sh -c date '+%s' \u003e /root/test/date.txt"}],"os":"linux","rootfs":{"type":"layers","diff_ids":["sha256:5216338b40a7b96416b8b9858974bbe4acc3096ee60acbc4dfb1ee02aecceb10","sha256:5273ad92c69121f8f477c9796e0cfa2a4188672914e0cdf1085986d902810ede","sha256:da218b830e2e6d886aa32885511cb8c37afca00acba68cbbe084ca765508e70a","sha256:48f25c7f26b9e81f6a5c62138aaae5053a139ed712f92b3c2b69ae77f2ef82e7"]}},"configuration_blob_digest":"015bf7e666f3bfafec8cff97aa016bb4a0dc0c28afe1ff9c7e2e378fe26fab4496"}]