[{"id":1,"created_at":"2020-04-15T12:04:28.95584","started_at":"2020-04-15T12:04:28.95584","finished_at":"2020-04-15T12:04:28.95584","pre_import":true,"pre_import_started_at":"2020-04-15T12:04:28.95584","pre_import_finished_at":"2020-04-15T12:04:28.95584","pre_import_error":"pre importing tagged manifests: pre importing manifest: retrieving manifest \"sha256:a2490cec4484ee6c1068ba3a05f89934010c85242f736280b35343483b2264b6\" from filesystem: failed to unmarshal manifest payload: invalid character 's' looking for beginning of value","tag_import":false,"tag_import_started_at":null,"tag_import_finished_at":null,"tag_import_error":null,"blob_import":false,"blob_import_started_at":null,"blob_import_finished_at":null,"blob_import_error":null,"repositories_count":0,"tags_count":0,"manifests_count":0,"blobs_count":0,"blobs_size_bytes":0,"storage_driver":"test driver"}]