[{"id":1,"repository_id":1,"blob_id":1,"created_at":"2020-04-15T12:04:28.95584"}, 
 {"id":2,"repository_id":1,"blob_id":2,"created_at":"2020-04-15T12:04:28.95584"}, 
 {"id":3,"repository_id":1,"blob_id":3,"created_at":"2020-04-15T12:04:28.95584"}, 
 {"id":4,"repository_id":1,"blob_id":4,"created_at":"2020-04-15T12:04:28.95584"}, 
 {"id":5,"repository_id":1,"blob_id":5,"created_at":"2020-04-15T12:04:28.95584"}]