[{"id":1,"top_level_namespace_id":1,"repository_id":1,"created_at":"2020-04-15T12:04:28.95584","total_size":762873,"schema_version":2,"digest":"013742a2977c3f5663dd12ddc406d45ed7cda2760842c9da514c35f9069581e7a2","payload":{
   "schemaVersion": 2,
   "mediaType": "application/vnd.docker.distribution.manifest.v2+json",
   "config": {
      "mediaType": "application/foo.bar.container.image.v1+json",
      "size": 1494,
      "digest": "sha256:be5888e67be651f1fbb59006f0fd791b44ed3fceaa6323ab4e37d5928874345a"
   },
   "layers": [
      {
         "mediaType": "application/vnd.docker.image.rootfs.diff.tar.gzip",
         "size": 760854,
         "digest": "sha256:e2334dd9fee4b77e48a8f2d793904118a3acf26f1f2e72a3d79c6cae993e07f0"
      }
   ]
}
,"media_type_id":3,"configuration_media_type_id":97,"configuration_payload":{"architecture":"amd64","config":{"Hostname":"","Domainname":"","User":"","AttachStdin":false,"AttachStdout":false,"AttachStderr":false,"Tty":false,"OpenStdin":false,"StdinOnce":false,"Env":["PATH=/usr/local/sbin:/usr/local/bin:/usr/sbin:/usr/bin:/sbin:/bin"],"Cmd":["sh"],"ArgsEscaped":true,"Image":"sha256:b0acc7ebf5092fcdd0fe097448529147e6619bd051f03ccf25b29bcae87e783f","Volumes":null,"WorkingDir":"","Entrypoint":null,"OnBuild":null,"Labels":null},"container":"f7e67f16a539f8bbf53aae18cdb5f8c53e6a56930e7660010d9396ae77f7acfa","container_config":{"Hostname":"f7e67f16a539","Domainname":"","User":"","AttachStdin":false,"AttachStdout":false,"AttachStderr":false,"Tty":false,"OpenStdin":false,"StdinOnce":false,"Env":["PATH=/usr/local/sbin:/usr/local/bin:/usr/sbin:/usr/bin:/sbin:/bin"],"Cmd":["/bin/sh","-c","#(nop) ","CMD [\"sh\"]"],"ArgsEscaped":true,"Image":"sha256:b0acc7ebf5092fcdd0fe097448529147e6619bd051f03ccf25b29bcae87e783f","Volumes":null,"WorkingDir":"","Entrypoint":null,"OnBuild":null,"Labels":{}},"created":"2020-04-14T19:19:53.590635493Z","docker_version":"18.09.7","history":[{"created":"2020-04-14T19:19:53.444488372Z","created_by":"/bin/sh -c #(nop) ADD file:09a89925137e1b768ef1f0e7d1d7325eb2b4f1a0895b3aa8dfc98b0c75f3f507 in / "},{"created":"2020-04-14T19:19:53.590635493Z","created_by":"/bin/sh -c #(nop)  CMD [\"sh\"]","empty_layer":true}],"os":"linux","rootfs":{"type":"layers","diff_ids":["sha256:5b0d2d635df829f65d0ffb45eab2c3124a470c4f385d6602bda0c21c5248bcab"]}},"configuration_blob_digest":"01be5888e67be651f1fbb59006f0fd791b44ed3fceaa6323ab4e37d5928874345a","non_conformant":false,"non_distributable_layers":false}]