[{"id":1,"top_level_namespace_id":1,"repository_id":1,"manifest_id":1,"digest":"\\x01e7b300aee9f9bf3433d32bc9305bfdd22183beb59d933b48d77ab56ba53a197a"}, 
 {"id":2,"top_level_namespace_id":1,"repository_id":1,"manifest_id":2,"digest":"\\x01c059bfaa849c4d8e4aecaeb3a10c2d9b3d85f5165c66ad3a4d937758128c4d18"}]