[{"id":1,"top_level_namespace_id":1,"repository_id":1,"layer_id":1,"digest":"\\x01396c31837116ac290458afcb928f68b6cc1c7bdd6963fc72f52f365a2a89c1b5"}, 
 {"id":2,"top_level_namespace_id":1,"repository_id":1,"layer_id":2,"digest":"\\x0159bf1c3509f33515622619af21ed55bbe26d24913cedbca106468a5fb37a50c3"}]