[{"size":2798338,"created_at":"2020-04-15T12:04:28.95584","media_type_id":21,"digest":"\\x01396c31837116ac290458afcb928f68b6cc1c7bdd6963fc72f52f365a2a89c1b5"}, 
 {"size":2818413,"created_at":"2020-04-15T12:04:28.95584","media_type_id":21,"digest":"\\x0159bf1c3509f33515622619af21ed55bbe26d24913cedbca106468a5fb37a50c3"}, 
 {"size":1471,"created_at":"2020-04-15T12:04:28.95584","media_type_id":21,"digest":"\\x01c059bfaa849c4d8e4aecaeb3a10c2d9b3d85f5165c66ad3a4d937758128c4d18"}, 
 {"size":1472,"created_at":"2020-04-15T12:04:28.95584","media_type_id":21,"digest":"\\x01e7b300aee9f9bf3433d32bc9305bfdd22183beb59d933b48d77ab56ba53a197a"}]