[{"id":1,"media_type":"application/vnd.docker.image.rootfs.diff.tar.gzip","digest":"sha256:e2334dd9fee4b77e48a8f2d793904118a3acf26f1f2e72a3d79c6cae993e07f0","size":760854,"created_at":"2020-04-15T12:04:28.95584","marked_at":null,"deleted_at":null}, 
 {"id":2,"media_type":"application/vnd.docker.image.rootfs.diff.tar.gzip","digest":"sha256:aad63a9339440e7c3e1fff2b988991b9bfb81280042fa7f39a5e327023056819","size":2803255,"created_at":"2020-04-15T12:04:28.95584","marked_at":null,"deleted_at":null}, 
 {"id":3,"media_type":"application/vnd.docker.image.rootfs.diff.tar.gzip","digest":"sha256:541cb024bf66c36eab08a7896d96ba1e929b45e33b9242d912e4c982a8e6d2c8","size":1228,"created_at":"2020-04-15T12:04:28.95584","marked_at":null,"deleted_at":null}, 
 {"id":4,"media_type":"application/vnd.docker.image.rootfs.diff.tar.gzip","digest":"sha256:270420c343f3239793a3aa2928f17b524d4061b0d21d3f634b9ccaca25eba02d","size":402572,"created_at":"2020-04-15T12:04:28.95584","marked_at":null,"deleted_at":null}, 
 {"id":5,"media_type":"application/vnd.docker.image.rootfs.diff.tar.gzip","digest":"sha256:8dd6c66eb1b07a8ca5d7a27c0e926ff8381c20cdf6dac0ac7fa2d76b836f2f27","size":6781145,"created_at":"2020-04-15T12:04:28.95584","marked_at":null,"deleted_at":null}, 
 {"id":6,"media_type":"application/vnd.docker.image.rootfs.diff.tar.gzip","digest":"sha256:782d2f0df1b37094da78776a309bad2e7eef366d5d9b8c08b40daf5dbd7f236f","size":99,"created_at":"2020-04-15T12:04:28.95584","marked_at":null,"deleted_at":null}, 
 {"id":7,"media_type":"application/vnd.docker.image.rootfs.diff.tar.gzip","digest":"sha256:b0648f46f4c9ee1f6a17e7b78cd9b265d9eeb6f6fb12cd24d8ed89e66b569b31","size":412,"created_at":"2020-04-15T12:04:28.95584","marked_at":null,"deleted_at":null}, 
 {"id":8,"media_type":"application/vnd.docker.image.rootfs.diff.tar.gzip","digest":"sha256:eb793112d4077f146a27ba841424de424e659fa019b2528709d10fe58d2b7218","size":4501173,"created_at":"2020-04-15T12:04:28.95584","marked_at":null,"deleted_at":null}, 
 {"id":9,"media_type":"application/vnd.docker.image.rootfs.diff.tar.gzip","digest":"sha256:d800150424402c2d3c7002f4291741de85dfb4cacc7ac87dda88a7af750e198c","size":99,"created_at":"2020-04-15T12:04:28.95584","marked_at":null,"deleted_at":null}, 
 {"id":10,"media_type":"application/vnd.docker.image.rootfs.diff.tar.gzip","digest":"sha256:de8942d49ac9c76729cb5eacea126b7ade803035bfff2e026bb63683f53e353c","size":414,"created_at":"2020-04-15T12:04:28.95584","marked_at":null,"deleted_at":null}, 
 {"id":11,"media_type":"application/vnd.docker.image.rootfs.diff.tar.gzip","digest":"sha256:e7c96db7181be991f19a9fb6975cdbbd73c65f4a2681348e63a141a2192a5f10","size":2757034,"created_at":"2020-04-15T12:04:28.95584","marked_at":null,"deleted_at":null}, 
 {"id":12,"media_type":"application/vnd.docker.image.rootfs.diff.tar.gzip","digest":"sha256:b8af38234db8796d645ec9541647315cdae2830b8f7c477b618feabbeee672cc","size":1253,"created_at":"2020-04-15T12:04:28.95584","marked_at":null,"deleted_at":null}, 
 {"id":13,"media_type":"application/vnd.docker.image.rootfs.diff.tar.gzip","digest":"sha256:c7b5e96879e00e980373ed29b9088020ea3d931c156252c1aae326b86a6775d4","size":403836,"created_at":"2020-04-15T12:04:28.95584","marked_at":null,"deleted_at":null}, 
 {"id":14,"media_type":"application/vnd.docker.image.rootfs.diff.tar.gzip","digest":"sha256:bd01e7204bc2e6511d76700eae62c49824b429140735ce33c26ec5cf7cd2fd08","size":14604899,"created_at":"2020-04-15T12:04:28.95584","marked_at":null,"deleted_at":null}, 
 {"id":15,"media_type":"application/vnd.docker.image.rootfs.diff.tar.gzip","digest":"sha256:3250e649335b95bc1de7ab27c52ca193d65d443aebb81d0b41a93c3cebcd8fe1","size":98,"created_at":"2020-04-15T12:04:28.95584","marked_at":null,"deleted_at":null}, 
 {"id":16,"media_type":"application/vnd.docker.image.rootfs.diff.tar.gzip","digest":"sha256:df4e8d78e015de17d85dccd54bb6fcae57e89d1840062fc71b8f6cf97d34be64","size":413,"created_at":"2020-04-15T12:04:28.95584","marked_at":null,"deleted_at":null}, 
 {"id":17,"media_type":"application/vnd.docker.image.rootfs.diff.tar.gzip","digest":"sha256:ff3a5c916c92643ff77519ffa742d3ec61b7f591b6b7504599d95a4a41134e28","size":2065537,"created_at":"2020-04-15T12:04:28.95584","marked_at":null,"deleted_at":null}, 
 {"id":18,"media_type":"application/vnd.docker.image.rootfs.diff.tar.gzip","digest":"sha256:aae70a2e60279ffae89150a59b81fe10d1d81f341ef6f31b9714ea6cc3418577","size":1252,"created_at":"2020-04-15T12:04:28.95584","marked_at":null,"deleted_at":null}, 
 {"id":19,"media_type":"application/vnd.docker.image.rootfs.diff.tar.gzip","digest":"sha256:87c655da471c9a7d8f946ec7b04a6a72a98ae8c1734bddf4b950861b5638fe20","size":8554,"created_at":"2020-04-15T12:04:28.95584","marked_at":null,"deleted_at":null}, 
 {"id":20,"media_type":"application/vnd.docker.image.rootfs.diff.tar.gzip","digest":"sha256:bc3141806bdc4b83ac744c622a094557530eb0806035fd282d94a12c445403c5","size":5887815,"created_at":"2020-04-15T12:04:28.95584","marked_at":null,"deleted_at":null}, 
 {"id":21,"media_type":"application/vnd.docker.image.rootfs.diff.tar.gzip","digest":"sha256:53616fb426d99f5067684c6302e7f05774538757388a5425bfad9b261e106f08","size":98,"created_at":"2020-04-15T12:04:28.95584","marked_at":null,"deleted_at":null}, 
 {"id":22,"media_type":"application/vnd.docker.image.rootfs.diff.tar.gzip","digest":"sha256:9791c5883c6a7a073f047dabfb3ed6b47e24ac016d7f51bbe16f06acafaeb6ee","size":397,"created_at":"2020-04-15T12:04:28.95584","marked_at":null,"deleted_at":null}, 
 {"id":23,"media_type":"application/vnd.docker.image.rootfs.diff.tar.gzip","digest":"sha256:8a0637ca1ac98db4cf29f7632449c92801adc80cf0da2cd9c9e39882ce466561","size":2723139,"created_at":"2020-04-15T12:04:28.95584","marked_at":null,"deleted_at":null}, 
 {"id":24,"media_type":"application/octet-stream","digest":"sha256:a3ed95caeb02ffe68cdd9fd84406680ae93d633cb16422d00e8a7c22955b46d4","size":6,"created_at":"2020-04-15T12:04:28.95584","marked_at":null,"deleted_at":null}, 
 {"id":25,"media_type":"application/tar+gzip","digest":"sha256:50723273cfd47a0e6222d64e993b1bd1bb97f84b4e0d1336bc0e24596c72b631","size":1371,"created_at":"2020-04-15T12:04:28.95584","marked_at":null,"deleted_at":null}]