[{"id":1,"manifest_list_id":1,"manifest_id":7,"created_at":"2020-04-15T12:04:28.95584","deleted_at":null}, 
 {"id":2,"manifest_list_id":1,"manifest_id":6,"created_at":"2020-04-15T12:04:28.95584","deleted_at":null}]