[{"id":1,"manifest_id":1,"blob_id":2,"created_at":"2020-04-15T12:04:28.95584"}, 
 {"id":2,"manifest_id":1,"blob_id":3,"created_at":"2020-04-15T12:04:28.95584"}, 
 {"id":3,"manifest_id":1,"blob_id":4,"created_at":"2020-04-15T12:04:28.95584"}, 
 {"id":4,"manifest_id":1,"blob_id":5,"created_at":"2020-04-15T12:04:28.95584"}, 
 {"id":5,"manifest_id":1,"blob_id":6,"created_at":"2020-04-15T12:04:28.95584"}, 
 {"id":6,"manifest_id":1,"blob_id":7,"created_at":"2020-04-15T12:04:28.95584"}, 
 {"id":7,"manifest_id":2,"blob_id":9,"created_at":"2020-04-15T12:04:28.95584"}, 
 {"id":8,"manifest_id":2,"blob_id":10,"created_at":"2020-04-15T12:04:28.95584"}, 
 {"id":9,"manifest_id":2,"blob_id":11,"created_at":"2020-04-15T12:04:28.95584"}, 
 {"id":10,"manifest_id":2,"blob_id":12,"created_at":"2020-04-15T12:04:28.95584"}, 
 {"id":11,"manifest_id":2,"blob_id":13,"created_at":"2020-04-15T12:04:28.95584"}, 
 {"id":12,"manifest_id":2,"blob_id":14,"created_at":"2020-04-15T12:04:28.95584"}]