[{"id":1,"repository_id":2,"blob_id":1,"created_at":"2020-04-15T12:04:28.95584"}, 
 {"id":2,"repository_id":2,"blob_id":2,"created_at":"2020-04-15T12:04:28.95584"}, 
 {"id":3,"repository_id":2,"blob_id":3,"created_at":"2020-04-15T12:04:28.95584"}, 
 {"id":4,"repository_id":2,"blob_id":4,"created_at":"2020-04-15T12:04:28.95584"}, 
 {"id":5,"repository_id":2,"blob_id":5,"created_at":"2020-04-15T12:04:28.95584"}, 
 {"id":6,"repository_id":2,"blob_id":6,"created_at":"2020-04-15T12:04:28.95584"}, 
 {"id":7,"repository_id":2,"blob_id":7,"created_at":"2020-04-15T12:04:28.95584"}, 
 {"id":8,"repository_id":2,"blob_id":8,"created_at":"2020-04-15T12:04:28.95584"}, 
 {"id":9,"repository_id":2,"blob_id":9,"created_at":"2020-04-15T12:04:28.95584"}, 
 {"id":10,"repository_id":2,"blob_id":10,"created_at":"2020-04-15T12:04:28.95584"}, 
 {"id":11,"repository_id":2,"blob_id":11,"created_at":"2020-04-15T12:04:28.95584"}, 
 {"id":12,"repository_id":2,"blob_id":12,"created_at":"2020-04-15T12:04:28.95584"}, 
 {"id":13,"repository_id":2,"blob_id":13,"created_at":"2020-04-15T12:04:28.95584"}, 
 {"id":14,"repository_id":2,"blob_id":14,"created_at":"2020-04-15T12:04:28.95584"}]