[{"id":1,"repository_id":8,"manifest_list_id":1,"created_at":"2020-04-15T12:04:28.95584","deleted_at":null}]