[{"id":1,"top_level_namespace_id":1,"repository_id":1,"layer_id":1,"digest":"\\x01aad63a9339440e7c3e1fff2b988991b9bfb81280042fa7f39a5e327023056819"}, 
