[{"created_at":"2020-04-15T12:04:28.95584","digest":"\\x01cb8a924afdf0229ef7515d9e5b3024e23b3eb03ddbba287f4a19c6ac90b8d221"}, 
 {"created_at":"2020-04-15T12:04:28.95584","digest":"\\x01f8f5ca4728269ef4eecd49db2345a03f8ab9244e049fc2af96f7b422dd6df009"}]