[{"id":1,"top_level_namespace_id":1,"repository_id":1,"created_at":"2020-04-15T12:04:28.95584","blob_digest":"\\x01a187dde48cd289ac374ad8539930628314bc581a481cdb41409c9289419ddb72"}, 
 {"id":2,"top_level_namespace_id":1,"repository_id":1,"created_at":"2020-04-15T12:04:28.95584","blob_digest":"\\x01aad63a9339440e7c3e1fff2b988991b9bfb81280042fa7f39a5e327023056819"}]